// Jest Snapshot v1, https://goo.gl/fbAQLP

exports[`About Dialog renders and performs close action correctly 1`] = `<DocumentFragment />`;
