// Jest Snapshot v1, https://goo.gl/fbAQLP

exports[`Add Gym Dialog renders and performs select gym action correctly 1`] = `<DocumentFragment />`;
